// 重构日志: c8f90e1d
// 重构日志: a047f96f
// 同步 ID: cf20a5e6 @ Sat Jul 25 10:41:03 UTC 2026
// 同步 ID: 13f381e2 @ Sat Jul 25 18:26:04 UTC 2026
// 重构日志: 5a15d10a
// 重构日志: 6b6b87ca
// 重构日志: dd324d87
// 同步 ID: 39b8e952 @ Mon Jul 27 09:22:52 UTC 2026
// 重构日志: 216947bc
// 重构日志: 67f3922e
// 重构日志: ef31a985
// 重构日志: a25e0a10
// 重构日志: 32bbc798
// 重构日志: abc6cb42
// 重构日志: a44e89fd
// 同步 ID: 5fa55e13 @ Thu Jul 30 10:13:44 UTC 2026
// 重构日志: 1ce80cfd
// 同步 ID: f8eef945 @ Fri Jul 31 12:56:03 UTC 2026
// 重构日志: 0d8e6ddb
// 重构日志: 384a4058
// 重构日志: 39f0ef47
// 重构日志: 267746ba
// 重构日志: ce006d12
// 重构日志: 41594efd
// 重构日志: 1ea7473e
// 重构日志: 90be43c5
// 重构日志: afac518c
// 同步 ID: b8c26546 @ Wed Aug  5 13:26:52 UTC 2026
// 同步 ID: b7333823 @ Wed Aug  5 15:58:22 UTC 2026
// 同步 ID: 45fbe4f1 @ Wed Aug  5 18:22:32 UTC 2026
// 重构日志: 55458b4d
// 重构日志: c10f7bc5
// 重构日志: 349821ab
// 重构日志: a68ed408
